// Jest Snapshot v1, https://goo.gl/fbAQLP

exports[`Pruebas en <SearchPage/> debe mostrarse correctamente con valores por defecto 1`] = `
<div>
  <h1>
    Search
  </h1>
  <hr />
  <div
    class="row"
  >
    <div
      class="col-5"
    >
      <form
        aria-label="form"
      >
        <input
          autocomplete="off"
          class="form-control"
          name="searchText"
          placeholder="Search a hero"
          type="text"
          value=""
        />
      </form>
      <button
        class="btn btn-outline-primary mt-2"
      >
        Search
      </button>
    </div>
    <div
      class="col-7"
    >
      <h4>
        Results
      </h4>
      <hr />
      <div
        class="alert alert-primary"
      >
        Search a hero
      </div>
    </div>
  </div>
</div>
`;
